Compiled vyper/src/access/AccessManagerEnumerable.vy -> /private/tmp/aave-vyper-5271.u22Ptp/head-artifacts/AccessManagerEnumerable.vy/AccessManagerEnumerable.json
Compiled vyper/src/config_engine/TokenizationSpokeDeployer.vy -> /private/tmp/aave-vyper-5271.u22Ptp/head-artifacts/TokenizationSpokeDeployer.vy/TokenizationSpokeDeployer.json
Compiled vyper/src/config_engine/AaveV4ConfigEngine.vy -> /private/tmp/aave-vyper-5271.u22Ptp/head-artifacts/AaveV4ConfigEngine.vy/AaveV4ConfigEngine.json
Compiled vyper/src/harness/AaveV4PayloadWrapper.vy -> /private/tmp/aave-vyper-5271.u22Ptp/head-artifacts/AaveV4PayloadWrapper.vy/AaveV4PayloadWrapper.json
Compiled vyper/src/harness/MathHarness.vy -> /private/tmp/aave-vyper-5271.u22Ptp/head-artifacts/MathHarness.vy/MathHarness.json
Compiled vyper/src/harness/SafeERC20Harness.vy -> /private/tmp/aave-vyper-5271.u22Ptp/head-artifacts/SafeERC20Harness.vy/SafeERC20Harness.json
Compiled vyper/src/harness/EngineFlagsHarness.vy -> /private/tmp/aave-vyper-5271.u22Ptp/head-artifacts/EngineFlagsHarness.vy/EngineFlagsHarness.json
Compiled vyper/src/harness/KeyValueListHarness.vy -> /private/tmp/aave-vyper-5271.u22Ptp/head-artifacts/KeyValueListHarness.vy/KeyValueListHarness.json
Compiled vyper/src/hub/AssetInterestRateStrategy.vy -> /private/tmp/aave-vyper-5271.u22Ptp/head-artifacts/AssetInterestRateStrategy.vy/AssetInterestRateStrategy.json
Compiled vyper/src/hub/HubInstance.vy -> /private/tmp/aave-vyper-5271.u22Ptp/head-artifacts/HubInstance.vy/HubInstance.json
Compiled vyper/src/harness/MockHubInstance.vy -> /private/tmp/aave-vyper-5271.u22Ptp/head-artifacts/MockHubInstance.vy/MockHubInstance.json
Compiled vyper/src/hub/HubConfigurator.vy -> /private/tmp/aave-vyper-5271.u22Ptp/head-artifacts/HubConfigurator.vy/HubConfigurator.json
Compiled vyper/src/harness/RescuableHarness.vy -> /private/tmp/aave-vyper-5271.u22Ptp/head-artifacts/RescuableHarness.vy/RescuableHarness.json
Compiled vyper/src/harness/NoncesKeyedHarness.vy -> /private/tmp/aave-vyper-5271.u22Ptp/head-artifacts/NoncesKeyedHarness.vy/NoncesKeyedHarness.json
Compiled vyper/src/utils/ExtSload.vy -> /private/tmp/aave-vyper-5271.u22Ptp/head-artifacts/ExtSload.vy/ExtSload.json
Compiled vyper/src/spoke/AaveOracle.vy -> /private/tmp/aave-vyper-5271.u22Ptp/head-artifacts/AaveOracle.vy/AaveOracle.json
Compiled vyper/src/spoke/SpokeConfigurator.vy -> /private/tmp/aave-vyper-5271.u22Ptp/head-artifacts/SpokeConfigurator.vy/SpokeConfigurator.json
Compiled vyper/src/spoke/LiquidationLogicContract.vy -> /private/tmp/aave-vyper-5271.u22Ptp/head-artifacts/LiquidationLogicContract.vy/LiquidationLogicContract.json
Compiled vyper/src/harness/LiquidationLogicWrapper.vy -> /private/tmp/aave-vyper-5271.u22Ptp/head-artifacts/LiquidationLogicWrapper.vy/LiquidationLogicWrapper.json
Compiled vyper/src/harness/MockSpokeStorage.vy -> /private/tmp/aave-vyper-5271.u22Ptp/head-artifacts/MockSpokeStorage.vy/MockSpokeStorage.json
Compiled vyper/src/spoke/SpokeInstance.vy -> /private/tmp/aave-vyper-5271.u22Ptp/head-artifacts/SpokeInstance.vy/SpokeInstance.json
Compiled vyper/src/harness/MockSpokeInstance.vy -> /private/tmp/aave-vyper-5271.u22Ptp/head-artifacts/MockSpokeInstance.vy/MockSpokeInstance.json
Compiled vyper/src/spoke/TreasurySpokeInstance.vy -> /private/tmp/aave-vyper-5271.u22Ptp/head-artifacts/TreasurySpokeInstance.vy/TreasurySpokeInstance.json
Compiled vyper/src/spoke/TokenizationSpokeInstance.vy -> /private/tmp/aave-vyper-5271.u22Ptp/head-artifacts/TokenizationSpokeInstance.vy/TokenizationSpokeInstance.json
Compiled vyper/src/harness/MockTreasurySpokeInstance.vy -> /private/tmp/aave-vyper-5271.u22Ptp/head-artifacts/MockTreasurySpokeInstance.vy/MockTreasurySpokeInstance.json
Compiled vyper/src/harness/MockTokenizationSpokeInstance.vy -> /private/tmp/aave-vyper-5271.u22Ptp/head-artifacts/MockTokenizationSpokeInstance.vy/MockTokenizationSpokeInstance.json
Compiled vyper/src/harness/ReserveFlagsMapHarness.vy -> /private/tmp/aave-vyper-5271.u22Ptp/head-artifacts/ReserveFlagsMapHarness.vy/ReserveFlagsMapHarness.json
Compiled vyper/src/harness/ConfigPermissionsMapHarness.vy -> /private/tmp/aave-vyper-5271.u22Ptp/head-artifacts/ConfigPermissionsMapHarness.vy/ConfigPermissionsMapHarness.json
Compiled vyper/src/harness/PositionStatusMapHarness.vy -> /private/tmp/aave-vyper-5271.u22Ptp/head-artifacts/PositionStatusMapHarness.vy/PositionStatusMapHarness.json
Compiled vyper/src/harness/SpokeUtilsHarness.vy -> /private/tmp/aave-vyper-5271.u22Ptp/head-artifacts/SpokeUtilsHarness.vy/SpokeUtilsHarness.json
Compiled vyper/src/harness/RolesHarness.vy -> /private/tmp/aave-vyper-5271.u22Ptp/head-artifacts/RolesHarness.vy/RolesHarness.json
Compiled vyper/src/harness/PositionManagerEIP712HashHarness.vy -> /private/tmp/aave-vyper-5271.u22Ptp/head-artifacts/PositionManagerEIP712HashHarness.vy/PositionManagerEIP712HashHarness.json
Compiled vyper/src/harness/SpokeEIP712HashHarness.vy -> /private/tmp/aave-vyper-5271.u22Ptp/head-artifacts/SpokeEIP712HashHarness.vy/SpokeEIP712HashHarness.json
Compiled vyper/src/position_manager/PositionManagerBaseWrapper.vy -> /private/tmp/aave-vyper-5271.u22Ptp/head-artifacts/PositionManagerBaseWrapper.vy/PositionManagerBaseWrapper.json
Compiled vyper/src/position_manager/PositionManagerNoMulticall.vy -> /private/tmp/aave-vyper-5271.u22Ptp/head-artifacts/PositionManagerNoMulticall.vy/PositionManagerNoMulticall.json
Compiled vyper/src/position_manager/GiverPositionManager.vy -> /private/tmp/aave-vyper-5271.u22Ptp/head-artifacts/GiverPositionManager.vy/GiverPositionManager.json
Compiled vyper/src/position_manager/NativeTokenGateway.vy -> /private/tmp/aave-vyper-5271.u22Ptp/head-artifacts/NativeTokenGateway.vy/NativeTokenGateway.json
Compiled vyper/src/harness/UserPositionUtilsHarness.vy -> /private/tmp/aave-vyper-5271.u22Ptp/head-artifacts/UserPositionUtilsHarness.vy/UserPositionUtilsHarness.json
Compiled vyper/src/position_manager/TakerPositionManager.vy -> /private/tmp/aave-vyper-5271.u22Ptp/head-artifacts/TakerPositionManager.vy/TakerPositionManager.json
Compiled vyper/src/position_manager/SignatureGateway.vy -> /private/tmp/aave-vyper-5271.u22Ptp/head-artifacts/SignatureGateway.vy/SignatureGateway.json
Compiled vyper/src/position_manager/ConfigPositionManager.vy -> /private/tmp/aave-vyper-5271.u22Ptp/head-artifacts/ConfigPositionManager.vy/ConfigPositionManager.json
